// Jest Snapshot v1, https://goo.gl/fbAQLP

exports[`<Cell/> Component rendering correctly Cell 1`] = `
<styled.div
  color="0, 0, 0"
  size={1}
  type="0"
/>
`;
