// Jest Snapshot v1, https://goo.gl/fbAQLP

exports[`<Header/> Component rendering correctly with no shapes 1`] = `ShallowWrapper {}`;
