// Jest Snapshot v1, https://goo.gl/fbAQLP

exports[`<NotFound/> Component rendering correctly NotFound 1`] = `
<div>
   NOT FOUND 
</div>
`;
